// Jest Snapshot v1, https://goo.gl/fbAQLP

exports[`Pruebas en el componente GifItem debe de hacer match con el snapshot 1`] = `
{
  "container": <div>
    <div
      class="card"
    >
      <img
        src="http://ejemplo.com/api/v2/1234"
      />
      <p />
    </div>
  </div>,
}
`;
